// Jest Snapshot v1, https://goo.gl/fbAQLP

exports[`Dropdown Sort with single instance with correct context renders correctly 1`] = `
<DocumentFragment>
  <div
    class="dropdown-container filter-custom-class"
    data-focusindex="0"
  >
    <div
      class="dropdown-triggerer-wrapper"
    >
      <input
        aria-controls="DropdownSort1-dropdown-list"
        aria-expanded="false"
        aria-haspopup="true"
        class="form-control dropdown-triggerer"
<<<<<<< HEAD
        readonly=""
        value="Option 1"
=======
        value=""
>>>>>>> daa3fce04 (Add DE localization to rich-text-web)
      />
      <button
        class="btn btn-default btn-sort icon-asc"
      />
    </div>
  </div>
</DocumentFragment>
`;
